Archive member included because of file (symbol)

c:/winavr-20070525/bin/../lib/gcc/avr/4.1.2/../../../../avr/lib/avr4\libm.a(divsf3.o)
                              main.o (__divsf3)
c:/winavr-20070525/bin/../lib/gcc/avr/4.1.2/../../../../avr/lib/avr4\libm.a(divsf3x.o)
                              c:/winavr-20070525/bin/../lib/gcc/avr/4.1.2/../../../../avr/lib/avr4\libm.a(divsf3.o) (__divsf3x)
c:/winavr-20070525/bin/../lib/gcc/avr/4.1.2/../../../../avr/lib/avr4\libm.a(fixsfsi.o)
                              main.o (__fixsfsi)
c:/winavr-20070525/bin/../lib/gcc/avr/4.1.2/../../../../avr/lib/avr4\libm.a(floatsisf.o)
                              main.o (__floatsisf)
c:/winavr-20070525/bin/../lib/gcc/avr/4.1.2/../../../../avr/lib/avr4\libm.a(fp_merge.o)
                              c:/winavr-20070525/bin/../lib/gcc/avr/4.1.2/../../../../avr/lib/avr4\libm.a(divsf3.o) (__fp_merge)
c:/winavr-20070525/bin/../lib/gcc/avr/4.1.2/../../../../avr/lib/avr4\libm.a(fp_nan.o)
                              c:/winavr-20070525/bin/../lib/gcc/avr/4.1.2/../../../../avr/lib/avr4\libm.a(divsf3x.o) (__fp_nanx)
c:/winavr-20070525/bin/../lib/gcc/avr/4.1.2/../../../../avr/lib/avr4\libm.a(fp_split.o)
                              c:/winavr-20070525/bin/../lib/gcc/avr/4.1.2/../../../../avr/lib/avr4\libm.a(divsf3.o) (__fp_split3)
c:/winavr-20070525/bin/../lib/gcc/avr/4.1.2/../../../../avr/lib/avr4\libm.a(fp_zero.o)
                              c:/winavr-20070525/bin/../lib/gcc/avr/4.1.2/../../../../avr/lib/avr4\libm.a(fixsfsi.o) (__fp_zero)
c:/winavr-20070525/bin/../lib/gcc/avr/4.1.2/../../../../avr/lib/avr4\libm.a(mulsf3.o)
                              main.o (__mulsf3)
c:/winavr-20070525/bin/../lib/gcc/avr/4.1.2/../../../../avr/lib/avr4\libm.a(mulsf3x.o)
                              c:/winavr-20070525/bin/../lib/gcc/avr/4.1.2/../../../../avr/lib/avr4\libm.a(mulsf3.o) (__mulsf3x)
c:/winavr-20070525/bin/../lib/gcc/avr/4.1.2/avr4\libgcc.a(_udivmodhi4.o)
                              main.o (__udivmodhi4)
c:/winavr-20070525/bin/../lib/gcc/avr/4.1.2/avr4\libgcc.a(_exit.o)
                              c:/winavr-20070525/bin/../lib/gcc/avr/4.1.2/../../../../avr/lib/avr4/crtm8.o (exit)
c:/winavr-20070525/bin/../lib/gcc/avr/4.1.2/avr4\libgcc.a(_copy_data.o)
                              main.o (__do_copy_data)
c:/winavr-20070525/bin/../lib/gcc/avr/4.1.2/avr4\libgcc.a(_clear_bss.o)
                              main.o (__do_clear_bss)
c:/winavr-20070525/bin/../lib/gcc/avr/4.1.2/../../../../avr/lib/avr4\libc.a(sprintf.o)
                              main.o (sprintf)
c:/winavr-20070525/bin/../lib/gcc/avr/4.1.2/../../../../avr/lib/avr4\libc.a(vfprintf_std.o)
                              c:/winavr-20070525/bin/../lib/gcc/avr/4.1.2/../../../../avr/lib/avr4\libc.a(sprintf.o) (vfprintf)
c:/winavr-20070525/bin/../lib/gcc/avr/4.1.2/../../../../avr/lib/avr4\libc.a(strlen_P.o)
                              c:/winavr-20070525/bin/../lib/gcc/avr/4.1.2/../../../../avr/lib/avr4\libc.a(vfprintf_std.o) (strlen_P)
c:/winavr-20070525/bin/../lib/gcc/avr/4.1.2/../../../../avr/lib/avr4\libc.a(strnlen_P.o)
                              c:/winavr-20070525/bin/../lib/gcc/avr/4.1.2/../../../../avr/lib/avr4\libc.a(vfprintf_std.o) (strnlen_P)
c:/winavr-20070525/bin/../lib/gcc/avr/4.1.2/../../../../avr/lib/avr4\libc.a(strnlen.o)
                              c:/winavr-20070525/bin/../lib/gcc/avr/4.1.2/../../../../avr/lib/avr4\libc.a(vfprintf_std.o) (strnlen)
c:/winavr-20070525/bin/../lib/gcc/avr/4.1.2/../../../../avr/lib/avr4\libc.a(fputc.o)
                              c:/winavr-20070525/bin/../lib/gcc/avr/4.1.2/../../../../avr/lib/avr4\libc.a(vfprintf_std.o) (fputc)
c:/winavr-20070525/bin/../lib/gcc/avr/4.1.2/avr4\libgcc.a(_udivmodsi4.o)
                              c:/winavr-20070525/bin/../lib/gcc/avr/4.1.2/../../../../avr/lib/avr4\libc.a(vfprintf_std.o) (__udivmodsi4)
c:/winavr-20070525/bin/../lib/gcc/avr/4.1.2/avr4\libgcc.a(_prologue.o)
                              c:/winavr-20070525/bin/../lib/gcc/avr/4.1.2/../../../../avr/lib/avr4\libc.a(sprintf.o) (__prologue_saves__)
c:/winavr-20070525/bin/../lib/gcc/avr/4.1.2/avr4\libgcc.a(_epilogue.o)
                              c:/winavr-20070525/bin/../lib/gcc/avr/4.1.2/../../../../avr/lib/avr4\libc.a(sprintf.o) (__epilogue_restores__)

Allocating common symbols
Common symbol       size              file

buffer              0x5               main.o
buffer1             0x5               main.o
buffer3             0x5               main.o

Discarded input sections

 .stabstr       0x00000000        0x0 c:/winavr-20070525/bin/../lib/gcc/avr/4.1.2/../../../../avr/lib/avr4/crtm8.o
 .stabstr       0x00000000        0x0 main.o

Memory Configuration

Name             Origin             Length             Attributes
text             0x00000000         0x00002000         xr
data             0x00800060         0x0000ffa0         rw !x
eeprom           0x00810000         0x00010000         rw !x
*default*        0x00000000         0xffffffff

Linker script and memory map

LOAD c:/winavr-20070525/bin/../lib/gcc/avr/4.1.2/../../../../avr/lib/avr4/crtm8.o
LOAD main.o
LOAD c:/winavr-20070525/bin/../lib/gcc/avr/4.1.2/../../../../avr/lib/avr4\libm.a
LOAD c:/winavr-20070525/bin/../lib/gcc/avr/4.1.2/avr4\libgcc.a
LOAD c:/winavr-20070525/bin/../lib/gcc/avr/4.1.2/../../../../avr/lib/avr4\libc.a
LOAD c:/winavr-20070525/bin/../lib/gcc/avr/4.1.2/avr4\libgcc.a

.hash
 *(.hash)

.dynsym
 *(.dynsym)

.dynstr
 *(.dynstr)

.gnu.version
 *(.gnu.version)

.gnu.version_d
 *(.gnu.version_d)

.gnu.version_r
 *(.gnu.version_r)

.rel.init
 *(.rel.init)

.rela.init
 *(.rela.init)

.rel.text
 *(.rel.text)
 *(.rel.text.*)
 *(.rel.gnu.linkonce.t*)

.rela.text
 *(.rela.text)
 *(.rela.text.*)
 *(.rela.gnu.linkonce.t*)

.rel.fini
 *(.rel.fini)

.rela.fini
 *(.rela.fini)

.rel.rodata
 *(.rel.rodata)
 *(.rel.rodata.*)
 *(.rel.gnu.linkonce.r*)

.rela.rodata
 *(.rela.rodata)
 *(.rela.rodata.*)
 *(.rela.gnu.linkonce.r*)

.rel.data
 *(.rel.data)
 *(.rel.data.*)
 *(.rel.gnu.linkonce.d*)

.rela.data
 *(.rela.data)
 *(.rela.data.*)
 *(.rela.gnu.linkonce.d*)

.rel.ctors
 *(.rel.ctors)

.rela.ctors
 *(.rela.ctors)

.rel.dtors
 *(.rel.dtors)

.rela.dtors
 *(.rela.dtors)

.rel.got
 *(.rel.got)

.rela.got
 *(.rela.got)

.rel.bss
 *(.rel.bss)

.rela.bss
 *(.rela.bss)

.rel.plt
 *(.rel.plt)

.rela.plt
 *(.rela.plt)

.text           0x00000000      0xd82
 *(.vectors)
 .vectors       0x00000000       0x26 c:/winavr-20070525/bin/../lib/gcc/avr/4.1.2/../../../../avr/lib/avr4/crtm8.o
                0x00000000                __vectors
                0x00000000                __vector_default
 *(.vectors)
 *(.progmem.gcc*)
 *(.progmem*)
                0x00000026                . = ALIGN (0x2)
                0x00000026                __trampolines_start = .
 *(.trampolines)
 .trampolines   0x00000026        0x0 linker stubs
 *(.trampolines*)
                0x00000026                __trampolines_end = .
 *(.jumptables)
 *(.jumptables*)
 *(.lowtext)
 *(.lowtext*)
                0x00000026                __ctors_start = .
 *(.ctors)
                0x00000026                __ctors_end = .
                0x00000026                __dtors_start = .
 *(.dtors)
                0x00000026                __dtors_end = .
 SORT(*)(.ctors)
 SORT(*)(.dtors)
 *(.init0)
 .init0         0x00000026        0x0 c:/winavr-20070525/bin/../lib/gcc/avr/4.1.2/../../../../avr/lib/avr4/crtm8.o
                0x00000026                __init
 *(.init0)
 *(.init1)
 *(.init1)
 *(.init2)
 .init2         0x00000026        0xc c:/winavr-20070525/bin/../lib/gcc/avr/4.1.2/../../../../avr/lib/avr4/crtm8.o
 *(.init2)
 *(.init3)
 *(.init3)
 *(.init4)
 .init4         0x00000032       0x16 c:/winavr-20070525/bin/../lib/gcc/avr/4.1.2/avr4\libgcc.a(_copy_data.o)
                0x00000032                __do_copy_data
 .init4         0x00000048       0x10 c:/winavr-20070525/bin/../lib/gcc/avr/4.1.2/avr4\libgcc.a(_clear_bss.o)
                0x00000048                __do_clear_bss
 *(.init4)
 *(.init5)
 *(.init5)
 *(.init6)
 *(.init6)
 *(.init7)
 *(.init7)
 *(.init8)
 *(.init8)
 *(.init9)
 .init9         0x00000058        0x4 c:/winavr-20070525/bin/../lib/gcc/avr/4.1.2/../../../../avr/lib/avr4/crtm8.o
 *(.init9)
 *(.text)
 .text          0x0000005c        0x2 c:/winavr-20070525/bin/../lib/gcc/avr/4.1.2/../../../../avr/lib/avr4/crtm8.o
                0x0000005c                __vector_1
                0x0000005c                __vector_12
                0x0000005c                __bad_interrupt
                0x0000005c                __vector_6
                0x0000005c                __vector_3
                0x0000005c                __vector_11
                0x0000005c                __vector_13
                0x0000005c                __vector_17
                0x0000005c                __vector_7
                0x0000005c                __vector_5
                0x0000005c                __vector_4
                0x0000005c                __vector_9
                0x0000005c                __vector_2
                0x0000005c                __vector_15
                0x0000005c                __vector_8
                0x0000005c                __vector_14
                0x0000005c                __vector_10
                0x0000005c                __vector_16
                0x0000005c                __vector_18
 .text          0x0000005e      0x44c main.o
                0x00000132                lcd_data
                0x00000142                lcd_gotoxy
                0x00000162                lcd_putc
                0x00000232                initADC
                0x0000015c                lcd_home
                0x00000156                lcd_clrscr
                0x00000150                lcd_getxy
                0x0000021a                ReadADC
                0x00000186                lcd_puts
                0x0000019c                lcd_puts_p
                0x000001b6                lcd_init
                0x0000023c                main
                0x00000122                lcd_command
 .text          0x000004aa        0x0 c:/winavr-20070525/bin/../lib/gcc/avr/4.1.2/../../../../avr/lib/avr4\libm.a(divsf3.o)
 .text          0x000004aa        0x0 c:/winavr-20070525/bin/../lib/gcc/avr/4.1.2/../../../../avr/lib/avr4\libm.a(divsf3x.o)
 .text          0x000004aa        0x0 c:/winavr-20070525/bin/../lib/gcc/avr/4.1.2/../../../../avr/lib/avr4\libm.a(fixsfsi.o)
 .text          0x000004aa        0x0 c:/winavr-20070525/bin/../lib/gcc/avr/4.1.2/../../../../avr/lib/avr4\libm.a(floatsisf.o)
 .text          0x000004aa        0x0 c:/winavr-20070525/bin/../lib/gcc/avr/4.1.2/../../../../avr/lib/avr4\libm.a(fp_merge.o)
 .text          0x000004aa        0x0 c:/winavr-20070525/bin/../lib/gcc/avr/4.1.2/../../../../avr/lib/avr4\libm.a(fp_nan.o)
 .text          0x000004aa        0x0 c:/winavr-20070525/bin/../lib/gcc/avr/4.1.2/../../../../avr/lib/avr4\libm.a(fp_split.o)
 .text          0x000004aa        0x0 c:/winavr-20070525/bin/../lib/gcc/avr/4.1.2/../../../../avr/lib/avr4\libm.a(fp_zero.o)
 .text          0x000004aa        0x0 c:/winavr-20070525/bin/../lib/gcc/avr/4.1.2/../../../../avr/lib/avr4\libm.a(mulsf3.o)
 .text          0x000004aa        0x0 c:/winavr-20070525/bin/../lib/gcc/avr/4.1.2/../../../../avr/lib/avr4\libm.a(mulsf3x.o)
 .text          0x000004aa        0x0 c:/winavr-20070525/bin/../lib/gcc/avr/4.1.2/avr4\libgcc.a(_udivmodhi4.o)
 .text          0x000004aa        0x0 c:/winavr-20070525/bin/../lib/gcc/avr/4.1.2/avr4\libgcc.a(_exit.o)
 .text          0x000004aa        0x0 c:/winavr-20070525/bin/../lib/gcc/avr/4.1.2/avr4\libgcc.a(_copy_data.o)
 .text          0x000004aa        0x0 c:/winavr-20070525/bin/../lib/gcc/avr/4.1.2/avr4\libgcc.a(_clear_bss.o)
 .text          0x000004aa       0x44 c:/winavr-20070525/bin/../lib/gcc/avr/4.1.2/../../../../avr/lib/avr4\libc.a(sprintf.o)
                0x000004aa                sprintf
 .text          0x000004ee      0x51a c:/winavr-20070525/bin/../lib/gcc/avr/4.1.2/../../../../avr/lib/avr4\libc.a(vfprintf_std.o)
                0x000004ee                vfprintf
 .text          0x00000a08       0x12 c:/winavr-20070525/bin/../lib/gcc/avr/4.1.2/../../../../avr/lib/avr4\libc.a(strlen_P.o)
                0x00000a08                strlen_P
 .text          0x00000a1a       0x16 c:/winavr-20070525/bin/../lib/gcc/avr/4.1.2/../../../../avr/lib/avr4\libc.a(strnlen_P.o)
                0x00000a1a                strnlen_P
 .text          0x00000a30       0x16 c:/winavr-20070525/bin/../lib/gcc/avr/4.1.2/../../../../avr/lib/avr4\libc.a(strnlen.o)
                0x00000a30                strnlen
 .text          0x00000a46       0x5a c:/winavr-20070525/bin/../lib/gcc/avr/4.1.2/../../../../avr/lib/avr4\libc.a(fputc.o)
                0x00000a46                fputc
 .text          0x00000aa0        0x0 c:/winavr-20070525/bin/../lib/gcc/avr/4.1.2/avr4\libgcc.a(_udivmodsi4.o)
 .text          0x00000aa0        0x0 c:/winavr-20070525/bin/../lib/gcc/avr/4.1.2/avr4\libgcc.a(_prologue.o)
 .text          0x00000aa0        0x0 c:/winavr-20070525/bin/../lib/gcc/avr/4.1.2/avr4\libgcc.a(_epilogue.o)
                0x00000aa0                . = ALIGN (0x2)
 *(.text.*)
 .text.fplib    0x00000aa0        0x6 c:/winavr-20070525/bin/../lib/gcc/avr/4.1.2/../../../../avr/lib/avr4\libm.a(divsf3.o)
                0x00000aa0                __divsf3
 .text.fplib    0x00000aa6       0x86 c:/winavr-20070525/bin/../lib/gcc/avr/4.1.2/../../../../avr/lib/avr4\libm.a(divsf3x.o)
                0x00000aa6                __divsf3x
 .text.fplib    0x00000b2c       0x36 c:/winavr-20070525/bin/../lib/gcc/avr/4.1.2/../../../../avr/lib/avr4\libm.a(fixsfsi.o)
                0x00000b2c                __fixsfsi
                0x00000b52                __fp_lneg
                0x00000b2c                __fixunssfsi
 .text.fplib    0x00000b62       0x18 c:/winavr-20070525/bin/../lib/gcc/avr/4.1.2/../../../../avr/lib/avr4\libm.a(floatsisf.o)
                0x00000b66                __floatsisf
                0x00000b62                __floatunssisf
 .text.fplib    0x00000b7a       0x3a c:/winavr-20070525/bin/../lib/gcc/avr/4.1.2/../../../../avr/lib/avr4\libm.a(fp_merge.o)
                0x00000b84                __fp_merge
 .text.fplib    0x00000bb4        0x6 c:/winavr-20070525/bin/../lib/gcc/avr/4.1.2/../../../../avr/lib/avr4\libm.a(fp_nan.o)
                0x00000bb4                __fp_nanERANGE
                0x00000bb4                __fp_nan
                0x00000bb4                __fp_nanEDOM
                0x00000bb4                __fp_nanx
 .text.fplib    0x00000bba       0x52 c:/winavr-20070525/bin/../lib/gcc/avr/4.1.2/../../../../avr/lib/avr4\libm.a(fp_split.o)
                0x00000bba                __fp_split3
                0x00000bc0                __fp_split2
                0x00000bd2                __fp_split1
                0x00000bee                __fp_split_a
 .text.fplib    0x00000c0c        0xa c:/winavr-20070525/bin/../lib/gcc/avr/4.1.2/../../../../avr/lib/avr4\libm.a(fp_zero.o)
                0x00000c0c                __fp_zero
                0x00000c12                __fp_zerox
 .text.fplib    0x00000c16        0x6 c:/winavr-20070525/bin/../lib/gcc/avr/4.1.2/../../../../avr/lib/avr4\libm.a(mulsf3.o)
                0x00000c16                __mulsf3
 .text.fplib    0x00000c1c       0x8a c:/winavr-20070525/bin/../lib/gcc/avr/4.1.2/../../../../avr/lib/avr4\libm.a(mulsf3x.o)
                0x00000c1c                __mulsf3x
 .text.libgcc   0x00000ca6       0x28 c:/winavr-20070525/bin/../lib/gcc/avr/4.1.2/avr4\libgcc.a(_udivmodhi4.o)
                0x00000ca6                __udivmodhi4
 .text.libgcc   0x00000cce        0x0 c:/winavr-20070525/bin/../lib/gcc/avr/4.1.2/avr4\libgcc.a(_exit.o)
 .text.libgcc   0x00000cce        0x0 c:/winavr-20070525/bin/../lib/gcc/avr/4.1.2/avr4\libgcc.a(_copy_data.o)
 .text.libgcc   0x00000cce        0x0 c:/winavr-20070525/bin/../lib/gcc/avr/4.1.2/avr4\libgcc.a(_clear_bss.o)
 .text.libgcc   0x00000cce       0x44 c:/winavr-20070525/bin/../lib/gcc/avr/4.1.2/avr4\libgcc.a(_udivmodsi4.o)
                0x00000cce                __udivmodsi4
 .text.libgcc   0x00000d12       0x38 c:/winavr-20070525/bin/../lib/gcc/avr/4.1.2/avr4\libgcc.a(_prologue.o)
                0x00000d12                __prologue_saves__
 .text.libgcc   0x00000d4a       0x36 c:/winavr-20070525/bin/../lib/gcc/avr/4.1.2/avr4\libgcc.a(_epilogue.o)
                0x00000d4a                __epilogue_restores__
                0x00000d80                . = ALIGN (0x2)
 *(.fini9)
 .fini9         0x00000d80        0x0 c:/winavr-20070525/bin/../lib/gcc/avr/4.1.2/avr4\libgcc.a(_exit.o)
                0x00000d80                exit
                0x00000d80                _exit
 *(.fini9)
 *(.fini8)
 *(.fini8)
 *(.fini7)
 *(.fini7)
 *(.fini6)
 *(.fini6)
 *(.fini5)
 *(.fini5)
 *(.fini4)
 *(.fini4)
 *(.fini3)
 *(.fini3)
 *(.fini2)
 *(.fini2)
 *(.fini1)
 *(.fini1)
 *(.fini0)
 .fini0         0x00000d80        0x2 c:/winavr-20070525/bin/../lib/gcc/avr/4.1.2/avr4\libgcc.a(_exit.o)
 *(.fini0)
                0x00000d82                _etext = .

.data           0x00800060       0x14 load address 0x00000d82
                0x00800060                PROVIDE (__data_start, .)
 *(.data)
 .data          0x00800060        0x0 c:/winavr-20070525/bin/../lib/gcc/avr/4.1.2/../../../../avr/lib/avr4/crtm8.o
 .data          0x00800060       0x14 main.o
 .data          0x00800074        0x0 c:/winavr-20070525/bin/../lib/gcc/avr/4.1.2/../../../../avr/lib/avr4\libm.a(divsf3.o)
 .data          0x00800074        0x0 c:/winavr-20070525/bin/../lib/gcc/avr/4.1.2/../../../../avr/lib/avr4\libm.a(divsf3x.o)
 .data          0x00800074        0x0 c:/winavr-20070525/bin/../lib/gcc/avr/4.1.2/../../../../avr/lib/avr4\libm.a(fixsfsi.o)
 .data          0x00800074        0x0 c:/winavr-20070525/bin/../lib/gcc/avr/4.1.2/../../../../avr/lib/avr4\libm.a(floatsisf.o)
 .data          0x00800074        0x0 c:/winavr-20070525/bin/../lib/gcc/avr/4.1.2/../../../../avr/lib/avr4\libm.a(fp_merge.o)
 .data          0x00800074        0x0 c:/winavr-20070525/bin/../lib/gcc/avr/4.1.2/../../../../avr/lib/avr4\libm.a(fp_nan.o)
 .data          0x00800074        0x0 c:/winavr-20070525/bin/../lib/gcc/avr/4.1.2/../../../../avr/lib/avr4\libm.a(fp_split.o)
 .data          0x00800074        0x0 c:/winavr-20070525/bin/../lib/gcc/avr/4.1.2/../../../../avr/lib/avr4\libm.a(fp_zero.o)
 .data          0x00800074        0x0 c:/winavr-20070525/bin/../lib/gcc/avr/4.1.2/../../../../avr/lib/avr4\libm.a(mulsf3.o)
 .data          0x00800074        0x0 c:/winavr-20070525/bin/../lib/gcc/avr/4.1.2/../../../../avr/lib/avr4\libm.a(mulsf3x.o)
 .data          0x00800074        0x0 c:/winavr-20070525/bin/../lib/gcc/avr/4.1.2/avr4\libgcc.a(_udivmodhi4.o)
 .data          0x00800074        0x0 c:/winavr-20070525/bin/../lib/gcc/avr/4.1.2/avr4\libgcc.a(_exit.o)
 .data          0x00800074        0x0 c:/winavr-20070525/bin/../lib/gcc/avr/4.1.2/avr4\libgcc.a(_copy_data.o)
 .data          0x00800074        0x0 c:/winavr-20070525/bin/../lib/gcc/avr/4.1.2/avr4\libgcc.a(_clear_bss.o)
 .data          0x00800074        0x0 c:/winavr-20070525/bin/../lib/gcc/avr/4.1.2/../../../../avr/lib/avr4\libc.a(sprintf.o)
 .data          0x00800074        0x0 c:/winavr-20070525/bin/../lib/gcc/avr/4.1.2/../../../../avr/lib/avr4\libc.a(vfprintf_std.o)
 .data          0x00800074        0x0 c:/winavr-20070525/bin/../lib/gcc/avr/4.1.2/../../../../avr/lib/avr4\libc.a(strlen_P.o)
 .data          0x00800074        0x0 c:/winavr-20070525/bin/../lib/gcc/avr/4.1.2/../../../../avr/lib/avr4\libc.a(strnlen_P.o)
 .data          0x00800074        0x0 c:/winavr-20070525/bin/../lib/gcc/avr/4.1.2/../../../../avr/lib/avr4\libc.a(strnlen.o)
 .data          0x00800074        0x0 c:/winavr-20070525/bin/../lib/gcc/avr/4.1.2/../../../../avr/lib/avr4\libc.a(fputc.o)
 .data          0x00800074        0x0 c:/winavr-20070525/bin/../lib/gcc/avr/4.1.2/avr4\libgcc.a(_udivmodsi4.o)
 .data          0x00800074        0x0 c:/winavr-20070525/bin/../lib/gcc/avr/4.1.2/avr4\libgcc.a(_prologue.o)
 .data          0x00800074        0x0 c:/winavr-20070525/bin/../lib/gcc/avr/4.1.2/avr4\libgcc.a(_epilogue.o)
 *(.data*)
 *(.rodata)
 *(.rodata*)
 *(.gnu.linkonce.d*)
                0x00800074                . = ALIGN (0x2)
                0x00800074                _edata = .
                0x00800074                PROVIDE (__data_end, .)

.bss            0x00800074        0xf
                0x00800074                PROVIDE (__bss_start, .)
 *(.bss)
 .bss           0x00800074        0x0 c:/winavr-20070525/bin/../lib/gcc/avr/4.1.2/../../../../avr/lib/avr4/crtm8.o
 .bss           0x00800074        0x0 main.o
 .bss           0x00800074        0x0 c:/winavr-20070525/bin/../lib/gcc/avr/4.1.2/../../../../avr/lib/avr4\libm.a(divsf3.o)
 .bss           0x00800074        0x0 c:/winavr-20070525/bin/../lib/gcc/avr/4.1.2/../../../../avr/lib/avr4\libm.a(divsf3x.o)
 .bss           0x00800074        0x0 c:/winavr-20070525/bin/../lib/gcc/avr/4.1.2/../../../../avr/lib/avr4\libm.a(fixsfsi.o)
 .bss           0x00800074        0x0 c:/winavr-20070525/bin/../lib/gcc/avr/4.1.2/../../../../avr/lib/avr4\libm.a(floatsisf.o)
 .bss           0x00800074        0x0 c:/winavr-20070525/bin/../lib/gcc/avr/4.1.2/../../../../avr/lib/avr4\libm.a(fp_merge.o)
 .bss           0x00800074        0x0 c:/winavr-20070525/bin/../lib/gcc/avr/4.1.2/../../../../avr/lib/avr4\libm.a(fp_nan.o)
 .bss           0x00800074        0x0 c:/winavr-20070525/bin/../lib/gcc/avr/4.1.2/../../../../avr/lib/avr4\libm.a(fp_split.o)
 .bss           0x00800074        0x0 c:/winavr-20070525/bin/../lib/gcc/avr/4.1.2/../../../../avr/lib/avr4\libm.a(fp_zero.o)
 .bss           0x00800074        0x0 c:/winavr-20070525/bin/../lib/gcc/avr/4.1.2/../../../../avr/lib/avr4\libm.a(mulsf3.o)
 .bss           0x00800074        0x0 c:/winavr-20070525/bin/../lib/gcc/avr/4.1.2/../../../../avr/lib/avr4\libm.a(mulsf3x.o)
 .bss           0x00800074        0x0 c:/winavr-20070525/bin/../lib/gcc/avr/4.1.2/avr4\libgcc.a(_udivmodhi4.o)
 .bss           0x00800074        0x0 c:/winavr-20070525/bin/../lib/gcc/avr/4.1.2/avr4\libgcc.a(_exit.o)
 .bss           0x00800074        0x0 c:/winavr-20070525/bin/../lib/gcc/avr/4.1.2/avr4\libgcc.a(_copy_data.o)
 .bss           0x00800074        0x0 c:/winavr-20070525/bin/../lib/gcc/avr/4.1.2/avr4\libgcc.a(_clear_bss.o)
 .bss           0x00800074        0x0 c:/winavr-20070525/bin/../lib/gcc/avr/4.1.2/../../../../avr/lib/avr4\libc.a(sprintf.o)
 .bss           0x00800074        0x0 c:/winavr-20070525/bin/../lib/gcc/avr/4.1.2/../../../../avr/lib/avr4\libc.a(vfprintf_std.o)
 .bss           0x00800074        0x0 c:/winavr-20070525/bin/../lib/gcc/avr/4.1.2/../../../../avr/lib/avr4\libc.a(strlen_P.o)
 .bss           0x00800074        0x0 c:/winavr-20070525/bin/../lib/gcc/avr/4.1.2/../../../../avr/lib/avr4\libc.a(strnlen_P.o)
 .bss           0x00800074        0x0 c:/winavr-20070525/bin/../lib/gcc/avr/4.1.2/../../../../avr/lib/avr4\libc.a(strnlen.o)
 .bss           0x00800074        0x0 c:/winavr-20070525/bin/../lib/gcc/avr/4.1.2/../../../../avr/lib/avr4\libc.a(fputc.o)
 .bss           0x00800074        0x0 c:/winavr-20070525/bin/../lib/gcc/avr/4.1.2/avr4\libgcc.a(_udivmodsi4.o)
 .bss           0x00800074        0x0 c:/winavr-20070525/bin/../lib/gcc/avr/4.1.2/avr4\libgcc.a(_prologue.o)
 .bss           0x00800074        0x0 c:/winavr-20070525/bin/../lib/gcc/avr/4.1.2/avr4\libgcc.a(_epilogue.o)
 *(.bss*)
 *(COMMON)
 COMMON         0x00800074        0xf main.o
                0x00800074                buffer
                0x00800079                buffer1
                0x0080007e                buffer3
                0x00800083                PROVIDE (__bss_end, .)
                0x00000d82                __data_load_start = LOADADDR (.data)
                0x00000d96                __data_load_end = (__data_load_start + SIZEOF (.data))

.noinit         0x00800083        0x0
                0x00800083                PROVIDE (__noinit_start, .)
 *(.noinit*)
                0x00800083                PROVIDE (__noinit_end, .)
                0x00800083                _end = .
                0x00800083                PROVIDE (__heap_start, .)

.eeprom         0x00810000        0x0
 *(.eeprom*)
                0x00810000                __eeprom_end = .

.stab           0x00000000     0x1410
 *(.stab)
 .stab          0x00000000      0x378 c:/winavr-20070525/bin/../lib/gcc/avr/4.1.2/../../../../avr/lib/avr4/crtm8.o
 .stab          0x00000378     0x1098 main.o
                               0x10a4 (size before relaxing)

.stabstr        0x00000000      0xaf9
 *(.stabstr)
 .stabstr       0x00000000      0xaf9 c:/winavr-20070525/bin/../lib/gcc/avr/4.1.2/../../../../avr/lib/avr4/crtm8.o

.stab.excl
 *(.stab.excl)

.stab.exclstr
 *(.stab.exclstr)

.stab.index
 *(.stab.index)

.stab.indexstr
 *(.stab.indexstr)

.comment
 *(.comment)

.debug
 *(.debug)

.line
 *(.line)

.debug_srcinfo
 *(.debug_srcinfo)

.debug_sfnames
 *(.debug_sfnames)

.debug_aranges
 *(.debug_aranges)

.debug_pubnames
 *(.debug_pubnames)

.debug_info
 *(.debug_info)
 *(.gnu.linkonce.wi.*)

.debug_abbrev
 *(.debug_abbrev)

.debug_line
 *(.debug_line)

.debug_frame
 *(.debug_frame)

.debug_str
 *(.debug_str)

.debug_loc
 *(.debug_loc)

.debug_macinfo
 *(.debug_macinfo)
OUTPUT(main.elf elf32-avr)
LOAD linker stubs

Cross Reference Table

Symbol                                            File
ReadADC                                           main.o
__bad_interrupt                                   c:/winavr-20070525/bin/../lib/gcc/avr/4.1.2/../../../../avr/lib/avr4/crtm8.o
__bss_end                                         c:/winavr-20070525/bin/../lib/gcc/avr/4.1.2/avr4\libgcc.a(_clear_bss.o)
__bss_start                                       c:/winavr-20070525/bin/../lib/gcc/avr/4.1.2/avr4\libgcc.a(_clear_bss.o)
__data_end                                        c:/winavr-20070525/bin/../lib/gcc/avr/4.1.2/avr4\libgcc.a(_copy_data.o)
__data_load_start                                 c:/winavr-20070525/bin/../lib/gcc/avr/4.1.2/avr4\libgcc.a(_copy_data.o)
__data_start                                      c:/winavr-20070525/bin/../lib/gcc/avr/4.1.2/avr4\libgcc.a(_copy_data.o)
__divsf3                                          c:/winavr-20070525/bin/../lib/gcc/avr/4.1.2/../../../../avr/lib/avr4\libm.a(divsf3.o)
                                                  main.o
__divsf3x                                         c:/winavr-20070525/bin/../lib/gcc/avr/4.1.2/../../../../avr/lib/avr4\libm.a(divsf3x.o)
                                                  c:/winavr-20070525/bin/../lib/gcc/avr/4.1.2/../../../../avr/lib/avr4\libm.a(divsf3.o)
__do_clear_bss                                    c:/winavr-20070525/bin/../lib/gcc/avr/4.1.2/avr4\libgcc.a(_clear_bss.o)
                                                  c:/winavr-20070525/bin/../lib/gcc/avr/4.1.2/../../../../avr/lib/avr4\libc.a(fputc.o)
                                                  c:/winavr-20070525/bin/../lib/gcc/avr/4.1.2/../../../../avr/lib/avr4\libc.a(vfprintf_std.o)
                                                  c:/winavr-20070525/bin/../lib/gcc/avr/4.1.2/../../../../avr/lib/avr4\libc.a(sprintf.o)
                                                  main.o
__do_copy_data                                    c:/winavr-20070525/bin/../lib/gcc/avr/4.1.2/avr4\libgcc.a(_copy_data.o)
                                                  c:/winavr-20070525/bin/../lib/gcc/avr/4.1.2/../../../../avr/lib/avr4\libc.a(fputc.o)
                                                  c:/winavr-20070525/bin/../lib/gcc/avr/4.1.2/../../../../avr/lib/avr4\libc.a(vfprintf_std.o)
                                                  c:/winavr-20070525/bin/../lib/gcc/avr/4.1.2/../../../../avr/lib/avr4\libc.a(sprintf.o)
                                                  main.o
__epilogue_restores__                             c:/winavr-20070525/bin/../lib/gcc/avr/4.1.2/avr4\libgcc.a(_epilogue.o)
                                                  c:/winavr-20070525/bin/../lib/gcc/avr/4.1.2/../../../../avr/lib/avr4\libc.a(vfprintf_std.o)
                                                  c:/winavr-20070525/bin/../lib/gcc/avr/4.1.2/../../../../avr/lib/avr4\libc.a(sprintf.o)
__fixsfsi                                         c:/winavr-20070525/bin/../lib/gcc/avr/4.1.2/../../../../avr/lib/avr4\libm.a(fixsfsi.o)
                                                  main.o
__fixunssfsi                                      c:/winavr-20070525/bin/../lib/gcc/avr/4.1.2/../../../../avr/lib/avr4\libm.a(fixsfsi.o)
__floatsisf                                       c:/winavr-20070525/bin/../lib/gcc/avr/4.1.2/../../../../avr/lib/avr4\libm.a(floatsisf.o)
                                                  main.o
__floatunssisf                                    c:/winavr-20070525/bin/../lib/gcc/avr/4.1.2/../../../../avr/lib/avr4\libm.a(floatsisf.o)
__fp_lneg                                         c:/winavr-20070525/bin/../lib/gcc/avr/4.1.2/../../../../avr/lib/avr4\libm.a(fixsfsi.o)
                                                  c:/winavr-20070525/bin/../lib/gcc/avr/4.1.2/../../../../avr/lib/avr4\libm.a(floatsisf.o)
__fp_merge                                        c:/winavr-20070525/bin/../lib/gcc/avr/4.1.2/../../../../avr/lib/avr4\libm.a(fp_merge.o)
                                                  c:/winavr-20070525/bin/../lib/gcc/avr/4.1.2/../../../../avr/lib/avr4\libm.a(mulsf3.o)
                                                  c:/winavr-20070525/bin/../lib/gcc/avr/4.1.2/../../../../avr/lib/avr4\libm.a(floatsisf.o)
                                                  c:/winavr-20070525/bin/../lib/gcc/avr/4.1.2/../../../../avr/lib/avr4\libm.a(divsf3.o)
__fp_nan                                          c:/winavr-20070525/bin/../lib/gcc/avr/4.1.2/../../../../avr/lib/avr4\libm.a(fp_nan.o)
                                                  c:/winavr-20070525/bin/../lib/gcc/avr/4.1.2/../../../../avr/lib/avr4\libm.a(fp_split.o)
__fp_nanEDOM                                      c:/winavr-20070525/bin/../lib/gcc/avr/4.1.2/../../../../avr/lib/avr4\libm.a(fp_nan.o)
__fp_nanERANGE                                    c:/winavr-20070525/bin/../lib/gcc/avr/4.1.2/../../../../avr/lib/avr4\libm.a(fp_nan.o)
__fp_nanx                                         c:/winavr-20070525/bin/../lib/gcc/avr/4.1.2/../../../../avr/lib/avr4\libm.a(fp_nan.o)
                                                  c:/winavr-20070525/bin/../lib/gcc/avr/4.1.2/../../../../avr/lib/avr4\libm.a(mulsf3x.o)
                                                  c:/winavr-20070525/bin/../lib/gcc/avr/4.1.2/../../../../avr/lib/avr4\libm.a(divsf3x.o)
__fp_split1                                       c:/winavr-20070525/bin/../lib/gcc/avr/4.1.2/../../../../avr/lib/avr4\libm.a(fp_split.o)
                                                  c:/winavr-20070525/bin/../lib/gcc/avr/4.1.2/../../../../avr/lib/avr4\libm.a(fixsfsi.o)
__fp_split2                                       c:/winavr-20070525/bin/../lib/gcc/avr/4.1.2/../../../../avr/lib/avr4\libm.a(fp_split.o)
__fp_split3                                       c:/winavr-20070525/bin/../lib/gcc/avr/4.1.2/../../../../avr/lib/avr4\libm.a(fp_split.o)
                                                  c:/winavr-20070525/bin/../lib/gcc/avr/4.1.2/../../../../avr/lib/avr4\libm.a(mulsf3.o)
                                                  c:/winavr-20070525/bin/../lib/gcc/avr/4.1.2/../../../../avr/lib/avr4\libm.a(divsf3.o)
__fp_split_a                                      c:/winavr-20070525/bin/../lib/gcc/avr/4.1.2/../../../../avr/lib/avr4\libm.a(fp_split.o)
__fp_zero                                         c:/winavr-20070525/bin/../lib/gcc/avr/4.1.2/../../../../avr/lib/avr4\libm.a(fp_zero.o)
                                                  c:/winavr-20070525/bin/../lib/gcc/avr/4.1.2/../../../../avr/lib/avr4\libm.a(fp_merge.o)
                                                  c:/winavr-20070525/bin/../lib/gcc/avr/4.1.2/../../../../avr/lib/avr4\libm.a(fixsfsi.o)
__fp_zerox                                        c:/winavr-20070525/bin/../lib/gcc/avr/4.1.2/../../../../avr/lib/avr4\libm.a(fp_zero.o)
                                                  c:/winavr-20070525/bin/../lib/gcc/avr/4.1.2/../../../../avr/lib/avr4\libm.a(mulsf3x.o)
                                                  c:/winavr-20070525/bin/../lib/gcc/avr/4.1.2/../../../../avr/lib/avr4\libm.a(divsf3x.o)
__heap_end                                        c:/winavr-20070525/bin/../lib/gcc/avr/4.1.2/../../../../avr/lib/avr4/crtm8.o
__init                                            c:/winavr-20070525/bin/../lib/gcc/avr/4.1.2/../../../../avr/lib/avr4/crtm8.o
__mulsf3                                          c:/winavr-20070525/bin/../lib/gcc/avr/4.1.2/../../../../avr/lib/avr4\libm.a(mulsf3.o)
                                                  main.o
__mulsf3x                                         c:/winavr-20070525/bin/../lib/gcc/avr/4.1.2/../../../../avr/lib/avr4\libm.a(mulsf3x.o)
                                                  c:/winavr-20070525/bin/../lib/gcc/avr/4.1.2/../../../../avr/lib/avr4\libm.a(mulsf3.o)
__prologue_saves__                                c:/winavr-20070525/bin/../lib/gcc/avr/4.1.2/avr4\libgcc.a(_prologue.o)
                                                  c:/winavr-20070525/bin/../lib/gcc/avr/4.1.2/../../../../avr/lib/avr4\libc.a(vfprintf_std.o)
                                                  c:/winavr-20070525/bin/../lib/gcc/avr/4.1.2/../../../../avr/lib/avr4\libc.a(sprintf.o)
__stack                                           c:/winavr-20070525/bin/../lib/gcc/avr/4.1.2/../../../../avr/lib/avr4/crtm8.o
__udivmodhi4                                      c:/winavr-20070525/bin/../lib/gcc/avr/4.1.2/avr4\libgcc.a(_udivmodhi4.o)
                                                  main.o
__udivmodsi4                                      c:/winavr-20070525/bin/../lib/gcc/avr/4.1.2/avr4\libgcc.a(_udivmodsi4.o)
                                                  c:/winavr-20070525/bin/../lib/gcc/avr/4.1.2/../../../../avr/lib/avr4\libc.a(vfprintf_std.o)
__vector_1                                        c:/winavr-20070525/bin/../lib/gcc/avr/4.1.2/../../../../avr/lib/avr4/crtm8.o
__vector_10                                       c:/winavr-20070525/bin/../lib/gcc/avr/4.1.2/../../../../avr/lib/avr4/crtm8.o
__vector_11                                       c:/winavr-20070525/bin/../lib/gcc/avr/4.1.2/../../../../avr/lib/avr4/crtm8.o
__vector_12                                       c:/winavr-20070525/bin/../lib/gcc/avr/4.1.2/../../../../avr/lib/avr4/crtm8.o
__vector_13                                       c:/winavr-20070525/bin/../lib/gcc/avr/4.1.2/../../../../avr/lib/avr4/crtm8.o
__vector_14                                       c:/winavr-20070525/bin/../lib/gcc/avr/4.1.2/../../../../avr/lib/avr4/crtm8.o
__vector_15                                       c:/winavr-20070525/bin/../lib/gcc/avr/4.1.2/../../../../avr/lib/avr4/crtm8.o
__vector_16                                       c:/winavr-20070525/bin/../lib/gcc/avr/4.1.2/../../../../avr/lib/avr4/crtm8.o
__vector_17                                       c:/winavr-20070525/bin/../lib/gcc/avr/4.1.2/../../../../avr/lib/avr4/crtm8.o
__vector_18                                       c:/winavr-20070525/bin/../lib/gcc/avr/4.1.2/../../../../avr/lib/avr4/crtm8.o
__vector_2                                        c:/winavr-20070525/bin/../lib/gcc/avr/4.1.2/../../../../avr/lib/avr4/crtm8.o
__vector_3                                        c:/winavr-20070525/bin/../lib/gcc/avr/4.1.2/../../../../avr/lib/avr4/crtm8.o
__vector_4                                        c:/winavr-20070525/bin/../lib/gcc/avr/4.1.2/../../../../avr/lib/avr4/crtm8.o
__vector_5                                        c:/winavr-20070525/bin/../lib/gcc/avr/4.1.2/../../../../avr/lib/avr4/crtm8.o
__vector_6                                        c:/winavr-20070525/bin/../lib/gcc/avr/4.1.2/../../../../avr/lib/avr4/crtm8.o
__vector_7                                        c:/winavr-20070525/bin/../lib/gcc/avr/4.1.2/../../../../avr/lib/avr4/crtm8.o
__vector_8                                        c:/winavr-20070525/bin/../lib/gcc/avr/4.1.2/../../../../avr/lib/avr4/crtm8.o
__vector_9                                        c:/winavr-20070525/bin/../lib/gcc/avr/4.1.2/../../../../avr/lib/avr4/crtm8.o
__vector_default                                  c:/winavr-20070525/bin/../lib/gcc/avr/4.1.2/../../../../avr/lib/avr4/crtm8.o
__vectors                                         c:/winavr-20070525/bin/../lib/gcc/avr/4.1.2/../../../../avr/lib/avr4/crtm8.o
_exit                                             c:/winavr-20070525/bin/../lib/gcc/avr/4.1.2/avr4\libgcc.a(_exit.o)
buffer                                            main.o
buffer1                                           main.o
buffer3                                           main.o
exit                                              c:/winavr-20070525/bin/../lib/gcc/avr/4.1.2/avr4\libgcc.a(_exit.o)
                                                  c:/winavr-20070525/bin/../lib/gcc/avr/4.1.2/../../../../avr/lib/avr4/crtm8.o
fputc                                             c:/winavr-20070525/bin/../lib/gcc/avr/4.1.2/../../../../avr/lib/avr4\libc.a(fputc.o)
                                                  c:/winavr-20070525/bin/../lib/gcc/avr/4.1.2/../../../../avr/lib/avr4\libc.a(vfprintf_std.o)
initADC                                           main.o
lcd_clrscr                                        main.o
lcd_command                                       main.o
lcd_data                                          main.o
lcd_getxy                                         main.o
lcd_gotoxy                                        main.o
lcd_home                                          main.o
lcd_init                                          main.o
lcd_putc                                          main.o
lcd_puts                                          main.o
lcd_puts_p                                        main.o
main                                              main.o
                                                  c:/winavr-20070525/bin/../lib/gcc/avr/4.1.2/../../../../avr/lib/avr4/crtm8.o
sprintf                                           c:/winavr-20070525/bin/../lib/gcc/avr/4.1.2/../../../../avr/lib/avr4\libc.a(sprintf.o)
                                                  main.o
strlen_P                                          c:/winavr-20070525/bin/../lib/gcc/avr/4.1.2/../../../../avr/lib/avr4\libc.a(strlen_P.o)
                                                  c:/winavr-20070525/bin/../lib/gcc/avr/4.1.2/../../../../avr/lib/avr4\libc.a(vfprintf_std.o)
strnlen                                           c:/winavr-20070525/bin/../lib/gcc/avr/4.1.2/../../../../avr/lib/avr4\libc.a(strnlen.o)
                                                  c:/winavr-20070525/bin/../lib/gcc/avr/4.1.2/../../../../avr/lib/avr4\libc.a(vfprintf_std.o)
strnlen_P                                         c:/winavr-20070525/bin/../lib/gcc/avr/4.1.2/../../../../avr/lib/avr4\libc.a(strnlen_P.o)
                                                  c:/winavr-20070525/bin/../lib/gcc/avr/4.1.2/../../../../avr/lib/avr4\libc.a(vfprintf_std.o)
vfprintf                                          c:/winavr-20070525/bin/../lib/gcc/avr/4.1.2/../../../../avr/lib/avr4\libc.a(vfprintf_std.o)
                                                  c:/winavr-20070525/bin/../lib/gcc/avr/4.1.2/../../../../avr/lib/avr4\libc.a(sprintf.o)
